// Jest Snapshot v1, https://goo.gl/fbAQLP

exports[`Breadcrumb default 1`] = `"<div><div class=\\"layout\\"><nav aria-label=\\"Breadcrumb\\"><ol class=\\"bx--breadcrumb\\"><li class=\\"bx--breadcrumb-item\\"><a class=\\"bx--link\\" href=\\"/#\\">Breadcrumb 1</a></li> <li class=\\"bx--breadcrumb-item\\"><a class=\\"bx--link\\" href=\\"#\\">Breadcrumb 2</a></li> <li class=\\"bx--breadcrumb-item\\"><a class=\\"bx--link\\" href=\\"#\\">Breadcrumb 3</a></li></ol></nav></div></div>"`;

exports[`Breadcrumb default 2`] = `"<div><div class=\\"layout\\"><nav aria-label=\\"Breadcrumb\\"><ol class=\\"bx--breadcrumb bx--breadcrumb--no-trailing-slash\\"><li class=\\"bx--breadcrumb-item\\"><a class=\\"bx--link\\" href=\\"/#\\">Breadcrumb 1</a></li> <li class=\\"bx--breadcrumb-item\\"><a class=\\"bx--link\\" href=\\"#\\">Breadcrumb 2</a></li> <li class=\\"bx--breadcrumb-item\\"><a class=\\"bx--link\\" href=\\"#\\">Breadcrumb 3</a></li></ol></nav></div></div>"`;

exports[`Breadcrumb skeleton 1`] = `"<div><div class=\\"layout\\"><div class=\\"bx--breadcrumb bx--skeleton\\"><div class=\\"bx--breadcrumb-item\\"><span class=\\"bx--link\\">&nbsp;</span> </div><div class=\\"bx--breadcrumb-item\\"><span class=\\"bx--link\\">&nbsp;</span> </div><div class=\\"bx--breadcrumb-item\\"><span class=\\"bx--link\\">&nbsp;</span> </div></div></div></div>"`;
